// Jest Snapshot v1, https://goo.gl/fbAQLP

exports[`LibraryTable should render 1`] = `
ShallowWrapper {
  "length": 1,
  Symbol(enzyme.__root__): [Circular],
  Symbol(enzyme.__unrendered__): <LibraryTable
    contents={
      Array [
        Object {
          "basename": "basename0",
          "dirname": "dirname0",
          "id": "id0",
          "isDirectory": true,
        },
        Object {
          "basename": "basename1",
          "dirname": "dirname1",
          "id": "id1",
          "isDirectory": false,
        },
        Object {
          "basename": "basename2",
          "dirname": "dirname2",
          "id": "id2",
          "isDirectory": true,
        },
        Object {
          "basename": "basename3",
          "dirname": "dirname3",
          "id": "id3",
          "isDirectory": false,
        },
      ]
    }
    onContentClick={[MockFunction]}
  />,
  Symbol(enzyme.__renderer__): Object {
    "batchedUpdates": [Function],
    "getNode": [Function],
    "render": [Function],
    "simulateEvent": [Function],
    "unmount": [Function],
  },
  Symbol(enzyme.__node__): Object {
    "instance": null,
    "key": undefined,
    "nodeType": "class",
    "props": Object {
      "children": Array [
        <HeaderRow />,
        <WithStyles(TableBody)>
          <LibraryItem
            basename="basename0"
            dirname="dirname0"
            id="id0"
            isDirectory={true}
            onRowClick={[Function]}
            style={
              Object {
                "marginLeft": "5vw",
                "maxHeight": "50vh",
                "maxWidth": "50vw",
              }
            }
          />
          <LibraryItem
            basename="basename1"
            dirname="dirname1"
            id="id1"
            isDirectory={false}
            onRowClick={[Function]}
            style={
              Object {
                "marginLeft": "5vw",
                "maxHeight": "50vh",
                "maxWidth": "50vw",
              }
            }
          />
          <LibraryItem
            basename="basename2"
            dirname="dirname2"
            id="id2"
            isDirectory={true}
            onRowClick={[Function]}
            style={
              Object {
                "marginLeft": "5vw",
                "maxHeight": "50vh",
                "maxWidth": "50vw",
              }
            }
          />
          <LibraryItem
            basename="basename3"
            dirname="dirname3"
            id="id3"
            isDirectory={false}
            onRowClick={[Function]}
            style={
              Object {
                "marginLeft": "5vw",
                "maxHeight": "50vh",
                "maxWidth": "50vw",
              }
            }
          />
        </WithStyles(TableBody)>,
      ],
      "className": "library-menu",
      "selectable": "false",
    },
    "ref": null,
    "rendered": Array [
      Object {
        "instance": null,
        "key": undefined,
        "nodeType": "function",
        "props": Object {},
        "ref": null,
        "rendered": null,
        "type": [Function],
      },
      Object {
        "instance": null,
        "key": undefined,
        "nodeType": "class",
        "props": Object {
          "children": Array [
            <LibraryItem
              basename="basename0"
              dirname="dirname0"
              id="id0"
              isDirectory={true}
              onRowClick={[Function]}
              style={
                Object {
                  "marginLeft": "5vw",
                  "maxHeight": "50vh",
                  "maxWidth": "50vw",
                }
              }
            />,
            <LibraryItem
              basename="basename1"
              dirname="dirname1"
              id="id1"
              isDirectory={false}
              onRowClick={[Function]}
              style={
                Object {
                  "marginLeft": "5vw",
                  "maxHeight": "50vh",
                  "maxWidth": "50vw",
                }
              }
            />,
            <LibraryItem
              basename="basename2"
              dirname="dirname2"
              id="id2"
              isDirectory={true}
              onRowClick={[Function]}
              style={
                Object {
                  "marginLeft": "5vw",
                  "maxHeight": "50vh",
                  "maxWidth": "50vw",
                }
              }
            />,
            <LibraryItem
              basename="basename3"
              dirname="dirname3"
              id="id3"
              isDirectory={false}
              onRowClick={[Function]}
              style={
                Object {
                  "marginLeft": "5vw",
                  "maxHeight": "50vh",
                  "maxWidth": "50vw",
                }
              }
            />,
          ],
        },
        "ref": null,
        "rendered": Array [
          Object {
            "instance": null,
            "key": "id0",
            "nodeType": "function",
            "props": Object {
              "basename": "basename0",
              "dirname": "dirname0",
              "id": "id0",
              "isDirectory": true,
              "onRowClick": [Function],
              "style": Object {
                "marginLeft": "5vw",
                "maxHeight": "50vh",
                "maxWidth": "50vw",
              },
            },
            "ref": null,
            "rendered": null,
            "type": [Function],
          },
          Object {
            "instance": null,
            "key": "id1",
            "nodeType": "function",
            "props": Object {
              "basename": "basename1",
              "dirname": "dirname1",
              "id": "id1",
              "isDirectory": false,
              "onRowClick": [Function],
              "style": Object {
                "marginLeft": "5vw",
                "maxHeight": "50vh",
                "maxWidth": "50vw",
              },
            },
            "ref": null,
            "rendered": null,
            "type": [Function],
          },
          Object {
            "instance": null,
            "key": "id2",
            "nodeType": "function",
            "props": Object {
              "basename": "basename2",
              "dirname": "dirname2",
              "id": "id2",
              "isDirectory": true,
              "onRowClick": [Function],
              "style": Object {
                "marginLeft": "5vw",
                "maxHeight": "50vh",
                "maxWidth": "50vw",
              },
            },
            "ref": null,
            "rendered": null,
            "type": [Function],
          },
          Object {
            "instance": null,
            "key": "id3",
            "nodeType": "function",
            "props": Object {
              "basename": "basename3",
              "dirname": "dirname3",
              "id": "id3",
              "isDirectory": false,
              "onRowClick": [Function],
              "style": Object {
                "marginLeft": "5vw",
                "maxHeight": "50vh",
                "maxWidth": "50vw",
              },
            },
            "ref": null,
            "rendered": null,
            "type": [Function],
          },
        ],
        "type": [Function],
      },
    ],
    "type": [Function],
  },
  Symbol(enzyme.__nodes__): Array [
    Object {
      "instance": null,
      "key": undefined,
      "nodeType": "class",
      "props": Object {
        "children": Array [
          <HeaderRow />,
          <WithStyles(TableBody)>
            <LibraryItem
              basename="basename0"
              dirname="dirname0"
              id="id0"
              isDirectory={true}
              onRowClick={[Function]}
              style={
                Object {
                  "marginLeft": "5vw",
                  "maxHeight": "50vh",
                  "maxWidth": "50vw",
                }
              }
            />
            <LibraryItem
              basename="basename1"
              dirname="dirname1"
              id="id1"
              isDirectory={false}
              onRowClick={[Function]}
              style={
                Object {
                  "marginLeft": "5vw",
                  "maxHeight": "50vh",
                  "maxWidth": "50vw",
                }
              }
            />
            <LibraryItem
              basename="basename2"
              dirname="dirname2"
              id="id2"
              isDirectory={true}
              onRowClick={[Function]}
              style={
                Object {
                  "marginLeft": "5vw",
                  "maxHeight": "50vh",
                  "maxWidth": "50vw",
                }
              }
            />
            <LibraryItem
              basename="basename3"
              dirname="dirname3"
              id="id3"
              isDirectory={false}
              onRowClick={[Function]}
              style={
                Object {
                  "marginLeft": "5vw",
                  "maxHeight": "50vh",
                  "maxWidth": "50vw",
                }
              }
            />
          </WithStyles(TableBody)>,
        ],
        "className": "library-menu",
        "selectable": "false",
      },
      "ref": null,
      "rendered": Array [
        Object {
          "instance": null,
          "key": undefined,
          "nodeType": "function",
          "props": Object {},
          "ref": null,
          "rendered": null,
          "type": [Function],
        },
        Object {
          "instance": null,
          "key": undefined,
          "nodeType": "class",
          "props": Object {
            "children": Array [
              <LibraryItem
                basename="basename0"
                dirname="dirname0"
                id="id0"
                isDirectory={true}
                onRowClick={[Function]}
                style={
                  Object {
                    "marginLeft": "5vw",
                    "maxHeight": "50vh",
                    "maxWidth": "50vw",
                  }
                }
              />,
              <LibraryItem
                basename="basename1"
                dirname="dirname1"
                id="id1"
                isDirectory={false}
                onRowClick={[Function]}
                style={
                  Object {
                    "marginLeft": "5vw",
                    "maxHeight": "50vh",
                    "maxWidth": "50vw",
                  }
                }
              />,
              <LibraryItem
                basename="basename2"
                dirname="dirname2"
                id="id2"
                isDirectory={true}
                onRowClick={[Function]}
                style={
                  Object {
                    "marginLeft": "5vw",
                    "maxHeight": "50vh",
                    "maxWidth": "50vw",
                  }
                }
              />,
              <LibraryItem
                basename="basename3"
                dirname="dirname3"
                id="id3"
                isDirectory={false}
                onRowClick={[Function]}
                style={
                  Object {
                    "marginLeft": "5vw",
                    "maxHeight": "50vh",
                    "maxWidth": "50vw",
                  }
                }
              />,
            ],
          },
          "ref": null,
          "rendered": Array [
            Object {
              "instance": null,
              "key": "id0",
              "nodeType": "function",
              "props": Object {
                "basename": "basename0",
                "dirname": "dirname0",
                "id": "id0",
                "isDirectory": true,
                "onRowClick": [Function],
                "style": Object {
                  "marginLeft": "5vw",
                  "maxHeight": "50vh",
                  "maxWidth": "50vw",
                },
              },
              "ref": null,
              "rendered": null,
              "type": [Function],
            },
            Object {
              "instance": null,
              "key": "id1",
              "nodeType": "function",
              "props": Object {
                "basename": "basename1",
                "dirname": "dirname1",
                "id": "id1",
                "isDirectory": false,
                "onRowClick": [Function],
                "style": Object {
                  "marginLeft": "5vw",
                  "maxHeight": "50vh",
                  "maxWidth": "50vw",
                },
              },
              "ref": null,
              "rendered": null,
              "type": [Function],
            },
            Object {
              "instance": null,
              "key": "id2",
              "nodeType": "function",
              "props": Object {
                "basename": "basename2",
                "dirname": "dirname2",
                "id": "id2",
                "isDirectory": true,
                "onRowClick": [Function],
                "style": Object {
                  "marginLeft": "5vw",
                  "maxHeight": "50vh",
                  "maxWidth": "50vw",
                },
              },
              "ref": null,
              "rendered": null,
              "type": [Function],
            },
            Object {
              "instance": null,
              "key": "id3",
              "nodeType": "function",
              "props": Object {
                "basename": "basename3",
                "dirname": "dirname3",
                "id": "id3",
                "isDirectory": false,
                "onRowClick": [Function],
                "style": Object {
                  "marginLeft": "5vw",
                  "maxHeight": "50vh",
                  "maxWidth": "50vw",
                },
              },
              "ref": null,
              "rendered": null,
              "type": [Function],
            },
          ],
          "type": [Function],
        },
      ],
      "type": [Function],
    },
  ],
  Symbol(enzyme.__options__): Object {
    "adapter": ReactSixteenAdapter {
      "options": Object {
        "enableComponentDidUpdateOnSetState": true,
      },
    },
  },
}
`;
