// Jest Snapshot v1, https://goo.gl/fbAQLP

exports[`PageViewer should render 1`] = `
ShallowWrapper {
  "length": 1,
  Symbol(enzyme.__root__): [Circular],
  Symbol(enzyme.__unrendered__): <PageViewer
    encodedPages={Array []}
    zoomLevel={100}
  />,
  Symbol(enzyme.__renderer__): Object {
    "batchedUpdates": [Function],
    "getNode": [Function],
    "render": [Function],
    "simulateEvent": [Function],
    "unmount": [Function],
  },
  Symbol(enzyme.__node__): Object {
    "instance": null,
    "key": undefined,
    "nodeType": "class",
    "props": Object {
      "activationDistance": 10,
      "children": <div
        className="pages"
        style={
          Object {
            "height": "100%",
            "marginLeft": 0,
            "marginTop": 0,
            "width": "100%",
          }
        }
      />,
      "className": "PageViewer dragscroll",
      "hideScrollbars": false,
      "horizontal": true,
      "nativeMobileScroll": true,
      "stopPropagation": false,
      "style": Object {},
      "vertical": true,
    },
    "ref": null,
    "rendered": Object {
      "instance": null,
      "key": undefined,
      "nodeType": "host",
      "props": Object {
        "children": Array [],
        "className": "pages",
        "style": Object {
          "height": "100%",
          "marginLeft": 0,
          "marginTop": 0,
          "width": "100%",
        },
      },
      "ref": null,
      "rendered": Array [],
      "type": "div",
    },
    "type": [Function],
  },
  Symbol(enzyme.__nodes__): Array [
    Object {
      "instance": null,
      "key": undefined,
      "nodeType": "class",
      "props": Object {
        "activationDistance": 10,
        "children": <div
          className="pages"
          style={
            Object {
              "height": "100%",
              "marginLeft": 0,
              "marginTop": 0,
              "width": "100%",
            }
          }
        />,
        "className": "PageViewer dragscroll",
        "hideScrollbars": false,
        "horizontal": true,
        "nativeMobileScroll": true,
        "stopPropagation": false,
        "style": Object {},
        "vertical": true,
      },
      "ref": null,
      "rendered": Object {
        "instance": null,
        "key": undefined,
        "nodeType": "host",
        "props": Object {
          "children": Array [],
          "className": "pages",
          "style": Object {
            "height": "100%",
            "marginLeft": 0,
            "marginTop": 0,
            "width": "100%",
          },
        },
        "ref": null,
        "rendered": Array [],
        "type": "div",
      },
      "type": [Function],
    },
  ],
  Symbol(enzyme.__options__): Object {
    "adapter": ReactSixteenAdapter {
      "options": Object {
        "enableComponentDidUpdateOnSetState": true,
      },
    },
  },
}
`;
