// Jest Snapshot v1, https://goo.gl/fbAQLP

exports[`Slider should render 1`] = `
ShallowWrapper {
  "length": 1,
  Symbol(enzyme.__root__): [Circular],
  Symbol(enzyme.__unrendered__): <Slider
    onChange={[MockFunction]}
    value={100}
  />,
  Symbol(enzyme.__renderer__): Object {
    "batchedUpdates": [Function],
    "getNode": [Function],
    "render": [Function],
    "simulateEvent": [Function],
    "unmount": [Function],
  },
  Symbol(enzyme.__node__): Object {
    "instance": null,
    "key": undefined,
    "nodeType": "host",
    "props": Object {
      "children": Array [
        <SliderInput
          onChange={[Function]}
          value={100}
        />,
        <div
          className="zoomLevel"
          style={
            Object {
              "cursor": "default",
              "fontFamily": "Carter One",
              "fontSize": "20px",
              "marginRight": "5px",
              "textAlign": "right",
              "width": "45px",
            }
          }
        >
          100
        </div>,
      ],
      "className": "slider",
      "id": "sliderComponent",
      "style": Object {
        "border": "1px solid rgba(255,255,255,0.3)",
        "borderRadius": "5px",
        "borderTop": "2px solid rgba(255,255,255,0.8)",
        "boxShadow": "inset rgb(135, 169, 214) 0px 3px 0px, inset rgba(0, 0, 0, 0.15) 0px 10px 10px",
        "display": "flex",
        "float": "left",
        "marginTop": "7px",
        "padding": "3px",
      },
    },
    "ref": null,
    "rendered": Array [
      Object {
        "instance": null,
        "key": undefined,
        "nodeType": "function",
        "props": Object {
          "onChange": [Function],
          "value": 100,
        },
        "ref": null,
        "rendered": null,
        "type": [Function],
      },
      Object {
        "instance": null,
        "key": undefined,
        "nodeType": "host",
        "props": Object {
          "children": 100,
          "className": "zoomLevel",
          "style": Object {
            "cursor": "default",
            "fontFamily": "Carter One",
            "fontSize": "20px",
            "marginRight": "5px",
            "textAlign": "right",
            "width": "45px",
          },
        },
        "ref": null,
        "rendered": 100,
        "type": "div",
      },
    ],
    "type": "div",
  },
  Symbol(enzyme.__nodes__): Array [
    Object {
      "instance": null,
      "key": undefined,
      "nodeType": "host",
      "props": Object {
        "children": Array [
          <SliderInput
            onChange={[Function]}
            value={100}
          />,
          <div
            className="zoomLevel"
            style={
              Object {
                "cursor": "default",
                "fontFamily": "Carter One",
                "fontSize": "20px",
                "marginRight": "5px",
                "textAlign": "right",
                "width": "45px",
              }
            }
          >
            100
          </div>,
        ],
        "className": "slider",
        "id": "sliderComponent",
        "style": Object {
          "border": "1px solid rgba(255,255,255,0.3)",
          "borderRadius": "5px",
          "borderTop": "2px solid rgba(255,255,255,0.8)",
          "boxShadow": "inset rgb(135, 169, 214) 0px 3px 0px, inset rgba(0, 0, 0, 0.15) 0px 10px 10px",
          "display": "flex",
          "float": "left",
          "marginTop": "7px",
          "padding": "3px",
        },
      },
      "ref": null,
      "rendered": Array [
        Object {
          "instance": null,
          "key": undefined,
          "nodeType": "function",
          "props": Object {
            "onChange": [Function],
            "value": 100,
          },
          "ref": null,
          "rendered": null,
          "type": [Function],
        },
        Object {
          "instance": null,
          "key": undefined,
          "nodeType": "host",
          "props": Object {
            "children": 100,
            "className": "zoomLevel",
            "style": Object {
              "cursor": "default",
              "fontFamily": "Carter One",
              "fontSize": "20px",
              "marginRight": "5px",
              "textAlign": "right",
              "width": "45px",
            },
          },
          "ref": null,
          "rendered": 100,
          "type": "div",
        },
      ],
      "type": "div",
    },
  ],
  Symbol(enzyme.__options__): Object {
    "adapter": ReactSixteenAdapter {
      "options": Object {
        "enableComponentDidUpdateOnSetState": true,
      },
    },
  },
}
`;
