// Jest Snapshot v1, https://goo.gl/fbAQLP

exports[`Table should render 1`] = `
ShallowWrapper {
  "length": 1,
  Symbol(enzyme.__root__): [Circular],
  Symbol(enzyme.__unrendered__): <CustomTable
    contents={
      Array [
        Object {
          "basename": "basename0",
          "dirname": "dirname0",
          "id": "id0",
          "isDirectory": true,
        },
        Object {
          "basename": "basename1",
          "dirname": "dirname1",
          "id": "id1",
          "isDirectory": false,
        },
        Object {
          "basename": "basename2",
          "dirname": "dirname2",
          "id": "id2",
          "isDirectory": true,
        },
        Object {
          "basename": "basename3",
          "dirname": "dirname3",
          "id": "id3",
          "isDirectory": false,
        },
      ]
    }
    onContentClick={[MockFunction]}
  />,
  Symbol(enzyme.__renderer__): Object {
    "batchedUpdates": [Function],
    "getNode": [Function],
    "render": [Function],
    "simulateEvent": [Function],
    "unmount": [Function],
  },
  Symbol(enzyme.__node__): Object {
    "instance": null,
    "key": undefined,
    "nodeType": "function",
    "props": Object {
      "children": [Function],
    },
    "ref": null,
    "rendered": [Function],
    "type": Object {
      "$$typeof": Symbol(react.context),
      "_calculateChangedBits": null,
      "_context": Object {
        "$$typeof": Symbol(react.context),
        "Consumer": [Circular],
        "Provider": Object {
          "$$typeof": Symbol(react.provider),
          "_context": [Circular],
        },
        "_calculateChangedBits": null,
        "_currentRenderer": null,
        "_currentRenderer2": null,
        "_currentValue": undefined,
        "_currentValue2": undefined,
        "_threadCount": 0,
        "displayName": "Context",
      },
    },
  },
  Symbol(enzyme.__nodes__): Array [
    Object {
      "instance": null,
      "key": undefined,
      "nodeType": "function",
      "props": Object {
        "children": [Function],
      },
      "ref": null,
      "rendered": [Function],
      "type": Object {
        "$$typeof": Symbol(react.context),
        "_calculateChangedBits": null,
        "_context": Object {
          "$$typeof": Symbol(react.context),
          "Consumer": [Circular],
          "Provider": Object {
            "$$typeof": Symbol(react.provider),
            "_context": [Circular],
          },
          "_calculateChangedBits": null,
          "_currentRenderer": null,
          "_currentRenderer2": null,
          "_currentValue": undefined,
          "_currentValue2": undefined,
          "_threadCount": 0,
          "displayName": "Context",
        },
      },
    },
  ],
  Symbol(enzyme.__options__): Object {
    "adapter": ReactSixteenAdapter {
      "options": Object {
        "enableComponentDidUpdateOnSetState": true,
      },
    },
  },
}
`;
