// Jest Snapshot v1, https://goo.gl/fbAQLP

exports[`ZoomLevel should render 1`] = `
ShallowWrapper {
  "length": 1,
  Symbol(enzyme.__root__): [Circular],
  Symbol(enzyme.__unrendered__): <ZoomLevel
    value={100}
  />,
  Symbol(enzyme.__renderer__): Object {
    "batchedUpdates": [Function],
    "getNode": [Function],
    "render": [Function],
    "simulateEvent": [Function],
    "unmount": [Function],
  },
  Symbol(enzyme.__node__): Object {
    "instance": null,
    "key": undefined,
    "nodeType": "host",
    "props": Object {
      "children": 100,
      "className": "zoomLevel",
      "style": Object {
        "cursor": "default",
        "fontFamily": "Carter One",
        "fontSize": "20px",
        "width": "45px",
      },
    },
    "ref": null,
    "rendered": 100,
    "type": "div",
  },
  Symbol(enzyme.__nodes__): Array [
    Object {
      "instance": null,
      "key": undefined,
      "nodeType": "host",
      "props": Object {
        "children": 100,
        "className": "zoomLevel",
        "style": Object {
          "cursor": "default",
          "fontFamily": "Carter One",
          "fontSize": "20px",
          "width": "45px",
        },
      },
      "ref": null,
      "rendered": 100,
      "type": "div",
    },
  ],
  Symbol(enzyme.__options__): Object {
    "adapter": ReactSixteenAdapter {
      "options": Object {
        "enableComponentDidUpdateOnSetState": true,
      },
    },
  },
}
`;
